// Vitest Snapshot v1, https://vitest.dev/guide/snapshot.html

exports[`AppLayout routing-derived UI > matches the recorded breadcrumb and navigation (admin) 1`] = `
{
  "/": {
    "breadcrumb": [
      "Dashboard",
    ],
    "links": [
      {
        "active": true,
        "href": "/",
        "text": "Dashboard",
      },
      {
        "active": false,
        "href": "/deployments",
        "text": "Deployments",
      },
      {
        "active": false,
        "href": "/apps",
        "text": "Apps",
      },
      {
        "active": false,
        "href": "/courses",
        "text": "Kurse",
      },
      {
        "active": false,
        "href": "/admin/apps",
        "text": "Freigaben",
      },
      {
        "active": false,
        "href": "/help",
        "text": "Hilfe",
      },
    ],
  },
  "/admin/apps": {
    "breadcrumb": [
      "Verwaltung",
      "/Freigaben",
    ],
    "links": [
      {
        "active": false,
        "href": "/",
        "text": "Dashboard",
      },
      {
        "active": false,
        "href": "/deployments",
        "text": "Deployments",
      },
      {
        "active": false,
        "href": "/apps",
        "text": "Apps",
      },
      {
        "active": false,
        "href": "/courses",
        "text": "Kurse",
      },
      {
        "active": true,
        "href": "/admin/apps",
        "text": "Freigaben",
      },
      {
        "active": false,
        "href": "/help",
        "text": "Hilfe",
      },
    ],
  },
  "/apps": {
    "breadcrumb": [
      "Apps",
    ],
    "links": [
      {
        "active": false,
        "href": "/",
        "text": "Dashboard",
      },
      {
        "active": false,
        "href": "/deployments",
        "text": "Deployments",
      },
      {
        "active": true,
        "href": "/apps",
        "text": "Apps",
      },
      {
        "active": false,
        "href": "/courses",
        "text": "Kurse",
      },
      {
        "active": false,
        "href": "/admin/apps",
        "text": "Freigaben",
      },
      {
        "active": false,
        "href": "/help",
        "text": "Hilfe",
      },
    ],
  },
  "/apps/app-1": {
    "breadcrumb": [
      "Apps",
      "/…",
    ],
    "links": [
      {
        "active": false,
        "href": "/",
        "text": "Dashboard",
      },
      {
        "active": false,
        "href": "/deployments",
        "text": "Deployments",
      },
      {
        "active": true,
        "href": "/apps",
        "text": "Apps",
      },
      {
        "active": false,
        "href": "/courses",
        "text": "Kurse",
      },
      {
        "active": false,
        "href": "/admin/apps",
        "text": "Freigaben",
      },
      {
        "active": false,
        "href": "/help",
        "text": "Hilfe",
      },
    ],
  },
  "/apps/app-1/unknown": {
    "breadcrumb": [
      "Seite nicht gefunden",
    ],
    "links": [
      {
        "active": false,
        "href": "/",
        "text": "Dashboard",
      },
      {
        "active": false,
        "href": "/deployments",
        "text": "Deployments",
      },
      {
        "active": false,
        "href": "/apps",
        "text": "Apps",
      },
      {
        "active": false,
        "href": "/courses",
        "text": "Kurse",
      },
      {
        "active": false,
        "href": "/admin/apps",
        "text": "Freigaben",
      },
      {
        "active": false,
        "href": "/help",
        "text": "Hilfe",
      },
    ],
  },
  "/apps/create": {
    "breadcrumb": [
      "Apps",
      "/App hinzufügen",
    ],
    "links": [
      {
        "active": false,
        "href": "/",
        "text": "Dashboard",
      },
      {
        "active": false,
        "href": "/deployments",
        "text": "Deployments",
      },
      {
        "active": true,
        "href": "/apps",
        "text": "Apps",
      },
      {
        "active": false,
        "href": "/courses",
        "text": "Kurse",
      },
      {
        "active": false,
        "href": "/admin/apps",
        "text": "Freigaben",
      },
      {
        "active": false,
        "href": "/help",
        "text": "Hilfe",
      },
    ],
  },
  "/courses": {
    "breadcrumb": [
      "Kurse",
    ],
    "links": [
      {
        "active": false,
        "href": "/",
        "text": "Dashboard",
      },
      {
        "active": false,
        "href": "/deployments",
        "text": "Deployments",
      },
      {
        "active": false,
        "href": "/apps",
        "text": "Apps",
      },
      {
        "active": true,
        "href": "/courses",
        "text": "Kurse",
      },
      {
        "active": false,
        "href": "/admin/apps",
        "text": "Freigaben",
      },
      {
        "active": false,
        "href": "/help",
        "text": "Hilfe",
      },
    ],
  },
  "/courses/c-1": {
    "breadcrumb": [
      "Kurse",
      "/…",
    ],
    "links": [
      {
        "active": false,
        "href": "/",
        "text": "Dashboard",
      },
      {
        "active": false,
        "href": "/deployments",
        "text": "Deployments",
      },
      {
        "active": false,
        "href": "/apps",
        "text": "Apps",
      },
      {
        "active": true,
        "href": "/courses",
        "text": "Kurse",
      },
      {
        "active": false,
        "href": "/admin/apps",
        "text": "Freigaben",
      },
      {
        "active": false,
        "href": "/help",
        "text": "Hilfe",
      },
    ],
  },
  "/dashboard": {
    "breadcrumb": [
      "Dashboard",
    ],
    "links": [
      {
        "active": true,
        "href": "/",
        "text": "Dashboard",
      },
      {
        "active": false,
        "href": "/deployments",
        "text": "Deployments",
      },
      {
        "active": false,
        "href": "/apps",
        "text": "Apps",
      },
      {
        "active": false,
        "href": "/courses",
        "text": "Kurse",
      },
      {
        "active": false,
        "href": "/admin/apps",
        "text": "Freigaben",
      },
      {
        "active": false,
        "href": "/help",
        "text": "Hilfe",
      },
    ],
  },
  "/deployment/new/config": {
    "breadcrumb": [
      "Deployments",
      "/Neues Deployment",
    ],
    "links": [
      {
        "active": false,
        "href": "/",
        "text": "Dashboard",
      },
      {
        "active": false,
        "href": "/deployments",
        "text": "Deployments",
      },
      {
        "active": false,
        "href": "/apps",
        "text": "Apps",
      },
      {
        "active": false,
        "href": "/courses",
        "text": "Kurse",
      },
      {
        "active": false,
        "href": "/admin/apps",
        "text": "Freigaben",
      },
      {
        "active": false,
        "href": "/help",
        "text": "Hilfe",
      },
    ],
  },
  "/deployments": {
    "breadcrumb": [
      "Deployments",
    ],
    "links": [
      {
        "active": false,
        "href": "/",
        "text": "Dashboard",
      },
      {
        "active": true,
        "href": "/deployments",
        "text": "Deployments",
      },
      {
        "active": false,
        "href": "/apps",
        "text": "Apps",
      },
      {
        "active": false,
        "href": "/courses",
        "text": "Kurse",
      },
      {
        "active": false,
        "href": "/admin/apps",
        "text": "Freigaben",
      },
      {
        "active": false,
        "href": "/help",
        "text": "Hilfe",
      },
    ],
  },
  "/deployments/dep-1": {
    "breadcrumb": [
      "Deployments",
      "/…",
    ],
    "links": [
      {
        "active": false,
        "href": "/",
        "text": "Dashboard",
      },
      {
        "active": true,
        "href": "/deployments",
        "text": "Deployments",
      },
      {
        "active": false,
        "href": "/apps",
        "text": "Apps",
      },
      {
        "active": false,
        "href": "/courses",
        "text": "Kurse",
      },
      {
        "active": false,
        "href": "/admin/apps",
        "text": "Freigaben",
      },
      {
        "active": false,
        "href": "/help",
        "text": "Hilfe",
      },
    ],
  },
  "/does-not-exist": {
    "breadcrumb": [
      "Seite nicht gefunden",
    ],
    "links": [
      {
        "active": false,
        "href": "/",
        "text": "Dashboard",
      },
      {
        "active": false,
        "href": "/deployments",
        "text": "Deployments",
      },
      {
        "active": false,
        "href": "/apps",
        "text": "Apps",
      },
      {
        "active": false,
        "href": "/courses",
        "text": "Kurse",
      },
      {
        "active": false,
        "href": "/admin/apps",
        "text": "Freigaben",
      },
      {
        "active": false,
        "href": "/help",
        "text": "Hilfe",
      },
    ],
  },
  "/forbidden": {
    "breadcrumb": [
      "Zugriff verweigert",
    ],
    "links": [
      {
        "active": false,
        "href": "/",
        "text": "Dashboard",
      },
      {
        "active": false,
        "href": "/deployments",
        "text": "Deployments",
      },
      {
        "active": false,
        "href": "/apps",
        "text": "Apps",
      },
      {
        "active": false,
        "href": "/courses",
        "text": "Kurse",
      },
      {
        "active": false,
        "href": "/admin/apps",
        "text": "Freigaben",
      },
      {
        "active": false,
        "href": "/help",
        "text": "Hilfe",
      },
    ],
  },
  "/help": {
    "breadcrumb": [
      "Hilfe",
    ],
    "links": [
      {
        "active": false,
        "href": "/",
        "text": "Dashboard",
      },
      {
        "active": false,
        "href": "/deployments",
        "text": "Deployments",
      },
      {
        "active": false,
        "href": "/apps",
        "text": "Apps",
      },
      {
        "active": false,
        "href": "/courses",
        "text": "Kurse",
      },
      {
        "active": false,
        "href": "/admin/apps",
        "text": "Freigaben",
      },
      {
        "active": true,
        "href": "/help",
        "text": "Hilfe",
      },
    ],
  },
  "/user": {
    "breadcrumb": [
      "Profil",
    ],
    "links": [
      {
        "active": false,
        "href": "/",
        "text": "Dashboard",
      },
      {
        "active": false,
        "href": "/deployments",
        "text": "Deployments",
      },
      {
        "active": false,
        "href": "/apps",
        "text": "Apps",
      },
      {
        "active": false,
        "href": "/courses",
        "text": "Kurse",
      },
      {
        "active": false,
        "href": "/admin/apps",
        "text": "Freigaben",
      },
      {
        "active": false,
        "href": "/help",
        "text": "Hilfe",
      },
    ],
  },
}
`;

exports[`AppLayout routing-derived UI > matches the recorded breadcrumb and navigation (student) 1`] = `
{
  "/": {
    "breadcrumb": [
      "Dashboard",
    ],
    "links": [
      {
        "active": true,
        "href": "/",
        "text": "Dashboard",
      },
      {
        "active": false,
        "href": "/deployments",
        "text": "Umgebungen",
      },
      {
        "active": false,
        "href": "/apps",
        "text": "Apps",
      },
      {
        "active": false,
        "href": "/help",
        "text": "Hilfe",
      },
    ],
  },
  "/admin/apps": {
    "breadcrumb": [
      "Verwaltung",
      "/Freigaben",
    ],
    "links": [
      {
        "active": false,
        "href": "/",
        "text": "Dashboard",
      },
      {
        "active": false,
        "href": "/deployments",
        "text": "Umgebungen",
      },
      {
        "active": false,
        "href": "/apps",
        "text": "Apps",
      },
      {
        "active": false,
        "href": "/help",
        "text": "Hilfe",
      },
    ],
  },
  "/apps": {
    "breadcrumb": [
      "Apps",
    ],
    "links": [
      {
        "active": false,
        "href": "/",
        "text": "Dashboard",
      },
      {
        "active": false,
        "href": "/deployments",
        "text": "Umgebungen",
      },
      {
        "active": true,
        "href": "/apps",
        "text": "Apps",
      },
      {
        "active": false,
        "href": "/help",
        "text": "Hilfe",
      },
    ],
  },
  "/apps/app-1": {
    "breadcrumb": [
      "Apps",
      "/…",
    ],
    "links": [
      {
        "active": false,
        "href": "/",
        "text": "Dashboard",
      },
      {
        "active": false,
        "href": "/deployments",
        "text": "Umgebungen",
      },
      {
        "active": true,
        "href": "/apps",
        "text": "Apps",
      },
      {
        "active": false,
        "href": "/help",
        "text": "Hilfe",
      },
    ],
  },
  "/apps/app-1/unknown": {
    "breadcrumb": [
      "Seite nicht gefunden",
    ],
    "links": [
      {
        "active": false,
        "href": "/",
        "text": "Dashboard",
      },
      {
        "active": false,
        "href": "/deployments",
        "text": "Umgebungen",
      },
      {
        "active": false,
        "href": "/apps",
        "text": "Apps",
      },
      {
        "active": false,
        "href": "/help",
        "text": "Hilfe",
      },
    ],
  },
  "/apps/create": {
    "breadcrumb": [
      "Apps",
      "/App hinzufügen",
    ],
    "links": [
      {
        "active": false,
        "href": "/",
        "text": "Dashboard",
      },
      {
        "active": false,
        "href": "/deployments",
        "text": "Umgebungen",
      },
      {
        "active": true,
        "href": "/apps",
        "text": "Apps",
      },
      {
        "active": false,
        "href": "/help",
        "text": "Hilfe",
      },
    ],
  },
  "/courses": {
    "breadcrumb": [
      "Kurse",
    ],
    "links": [
      {
        "active": false,
        "href": "/",
        "text": "Dashboard",
      },
      {
        "active": false,
        "href": "/deployments",
        "text": "Umgebungen",
      },
      {
        "active": false,
        "href": "/apps",
        "text": "Apps",
      },
      {
        "active": false,
        "href": "/help",
        "text": "Hilfe",
      },
    ],
  },
  "/courses/c-1": {
    "breadcrumb": [
      "Kurse",
      "/…",
    ],
    "links": [
      {
        "active": false,
        "href": "/",
        "text": "Dashboard",
      },
      {
        "active": false,
        "href": "/deployments",
        "text": "Umgebungen",
      },
      {
        "active": false,
        "href": "/apps",
        "text": "Apps",
      },
      {
        "active": false,
        "href": "/help",
        "text": "Hilfe",
      },
    ],
  },
  "/dashboard": {
    "breadcrumb": [
      "Dashboard",
    ],
    "links": [
      {
        "active": true,
        "href": "/",
        "text": "Dashboard",
      },
      {
        "active": false,
        "href": "/deployments",
        "text": "Umgebungen",
      },
      {
        "active": false,
        "href": "/apps",
        "text": "Apps",
      },
      {
        "active": false,
        "href": "/help",
        "text": "Hilfe",
      },
    ],
  },
  "/deployment/new/config": {
    "breadcrumb": [
      "Umgebungen",
      "/Neues Deployment",
    ],
    "links": [
      {
        "active": false,
        "href": "/",
        "text": "Dashboard",
      },
      {
        "active": false,
        "href": "/deployments",
        "text": "Umgebungen",
      },
      {
        "active": false,
        "href": "/apps",
        "text": "Apps",
      },
      {
        "active": false,
        "href": "/help",
        "text": "Hilfe",
      },
    ],
  },
  "/deployments": {
    "breadcrumb": [
      "Umgebungen",
    ],
    "links": [
      {
        "active": false,
        "href": "/",
        "text": "Dashboard",
      },
      {
        "active": false,
        "href": "/deployments",
        "text": "Umgebungen",
      },
      {
        "active": false,
        "href": "/apps",
        "text": "Apps",
      },
      {
        "active": false,
        "href": "/help",
        "text": "Hilfe",
      },
    ],
  },
  "/deployments/dep-1": {
    "breadcrumb": [
      "Umgebungen",
      "/…",
    ],
    "links": [
      {
        "active": false,
        "href": "/",
        "text": "Dashboard",
      },
      {
        "active": false,
        "href": "/deployments",
        "text": "Umgebungen",
      },
      {
        "active": false,
        "href": "/apps",
        "text": "Apps",
      },
      {
        "active": false,
        "href": "/help",
        "text": "Hilfe",
      },
    ],
  },
  "/does-not-exist": {
    "breadcrumb": [
      "Seite nicht gefunden",
    ],
    "links": [
      {
        "active": false,
        "href": "/",
        "text": "Dashboard",
      },
      {
        "active": false,
        "href": "/deployments",
        "text": "Umgebungen",
      },
      {
        "active": false,
        "href": "/apps",
        "text": "Apps",
      },
      {
        "active": false,
        "href": "/help",
        "text": "Hilfe",
      },
    ],
  },
  "/forbidden": {
    "breadcrumb": [
      "Zugriff verweigert",
    ],
    "links": [
      {
        "active": false,
        "href": "/",
        "text": "Dashboard",
      },
      {
        "active": false,
        "href": "/deployments",
        "text": "Umgebungen",
      },
      {
        "active": false,
        "href": "/apps",
        "text": "Apps",
      },
      {
        "active": false,
        "href": "/help",
        "text": "Hilfe",
      },
    ],
  },
  "/help": {
    "breadcrumb": [
      "Hilfe",
    ],
    "links": [
      {
        "active": false,
        "href": "/",
        "text": "Dashboard",
      },
      {
        "active": false,
        "href": "/deployments",
        "text": "Umgebungen",
      },
      {
        "active": false,
        "href": "/apps",
        "text": "Apps",
      },
      {
        "active": true,
        "href": "/help",
        "text": "Hilfe",
      },
    ],
  },
  "/user": {
    "breadcrumb": [
      "Profil",
    ],
    "links": [
      {
        "active": false,
        "href": "/",
        "text": "Dashboard",
      },
      {
        "active": false,
        "href": "/deployments",
        "text": "Umgebungen",
      },
      {
        "active": false,
        "href": "/apps",
        "text": "Apps",
      },
      {
        "active": false,
        "href": "/help",
        "text": "Hilfe",
      },
    ],
  },
}
`;

exports[`AppLayout routing-derived UI > matches the recorded breadcrumb and navigation (teacher) 1`] = `
{
  "/": {
    "breadcrumb": [
      "Dashboard",
    ],
    "links": [
      {
        "active": true,
        "href": "/",
        "text": "Dashboard",
      },
      {
        "active": false,
        "href": "/deployments",
        "text": "Deployments",
      },
      {
        "active": false,
        "href": "/apps",
        "text": "Apps",
      },
      {
        "active": false,
        "href": "/courses",
        "text": "Kurse",
      },
      {
        "active": false,
        "href": "/help",
        "text": "Hilfe",
      },
    ],
  },
  "/admin/apps": {
    "breadcrumb": [
      "Verwaltung",
      "/Freigaben",
    ],
    "links": [
      {
        "active": false,
        "href": "/",
        "text": "Dashboard",
      },
      {
        "active": false,
        "href": "/deployments",
        "text": "Deployments",
      },
      {
        "active": false,
        "href": "/apps",
        "text": "Apps",
      },
      {
        "active": false,
        "href": "/courses",
        "text": "Kurse",
      },
      {
        "active": false,
        "href": "/help",
        "text": "Hilfe",
      },
    ],
  },
  "/apps": {
    "breadcrumb": [
      "Apps",
    ],
    "links": [
      {
        "active": false,
        "href": "/",
        "text": "Dashboard",
      },
      {
        "active": false,
        "href": "/deployments",
        "text": "Deployments",
      },
      {
        "active": true,
        "href": "/apps",
        "text": "Apps",
      },
      {
        "active": false,
        "href": "/courses",
        "text": "Kurse",
      },
      {
        "active": false,
        "href": "/help",
        "text": "Hilfe",
      },
    ],
  },
  "/apps/app-1": {
    "breadcrumb": [
      "Apps",
      "/…",
    ],
    "links": [
      {
        "active": false,
        "href": "/",
        "text": "Dashboard",
      },
      {
        "active": false,
        "href": "/deployments",
        "text": "Deployments",
      },
      {
        "active": true,
        "href": "/apps",
        "text": "Apps",
      },
      {
        "active": false,
        "href": "/courses",
        "text": "Kurse",
      },
      {
        "active": false,
        "href": "/help",
        "text": "Hilfe",
      },
    ],
  },
  "/apps/app-1/unknown": {
    "breadcrumb": [
      "Seite nicht gefunden",
    ],
    "links": [
      {
        "active": false,
        "href": "/",
        "text": "Dashboard",
      },
      {
        "active": false,
        "href": "/deployments",
        "text": "Deployments",
      },
      {
        "active": false,
        "href": "/apps",
        "text": "Apps",
      },
      {
        "active": false,
        "href": "/courses",
        "text": "Kurse",
      },
      {
        "active": false,
        "href": "/help",
        "text": "Hilfe",
      },
    ],
  },
  "/apps/create": {
    "breadcrumb": [
      "Apps",
      "/App hinzufügen",
    ],
    "links": [
      {
        "active": false,
        "href": "/",
        "text": "Dashboard",
      },
      {
        "active": false,
        "href": "/deployments",
        "text": "Deployments",
      },
      {
        "active": true,
        "href": "/apps",
        "text": "Apps",
      },
      {
        "active": false,
        "href": "/courses",
        "text": "Kurse",
      },
      {
        "active": false,
        "href": "/help",
        "text": "Hilfe",
      },
    ],
  },
  "/courses": {
    "breadcrumb": [
      "Kurse",
    ],
    "links": [
      {
        "active": false,
        "href": "/",
        "text": "Dashboard",
      },
      {
        "active": false,
        "href": "/deployments",
        "text": "Deployments",
      },
      {
        "active": false,
        "href": "/apps",
        "text": "Apps",
      },
      {
        "active": true,
        "href": "/courses",
        "text": "Kurse",
      },
      {
        "active": false,
        "href": "/help",
        "text": "Hilfe",
      },
    ],
  },
  "/courses/c-1": {
    "breadcrumb": [
      "Kurse",
      "/…",
    ],
    "links": [
      {
        "active": false,
        "href": "/",
        "text": "Dashboard",
      },
      {
        "active": false,
        "href": "/deployments",
        "text": "Deployments",
      },
      {
        "active": false,
        "href": "/apps",
        "text": "Apps",
      },
      {
        "active": true,
        "href": "/courses",
        "text": "Kurse",
      },
      {
        "active": false,
        "href": "/help",
        "text": "Hilfe",
      },
    ],
  },
  "/dashboard": {
    "breadcrumb": [
      "Dashboard",
    ],
    "links": [
      {
        "active": true,
        "href": "/",
        "text": "Dashboard",
      },
      {
        "active": false,
        "href": "/deployments",
        "text": "Deployments",
      },
      {
        "active": false,
        "href": "/apps",
        "text": "Apps",
      },
      {
        "active": false,
        "href": "/courses",
        "text": "Kurse",
      },
      {
        "active": false,
        "href": "/help",
        "text": "Hilfe",
      },
    ],
  },
  "/deployment/new/config": {
    "breadcrumb": [
      "Deployments",
      "/Neues Deployment",
    ],
    "links": [
      {
        "active": false,
        "href": "/",
        "text": "Dashboard",
      },
      {
        "active": false,
        "href": "/deployments",
        "text": "Deployments",
      },
      {
        "active": false,
        "href": "/apps",
        "text": "Apps",
      },
      {
        "active": false,
        "href": "/courses",
        "text": "Kurse",
      },
      {
        "active": false,
        "href": "/help",
        "text": "Hilfe",
      },
    ],
  },
  "/deployments": {
    "breadcrumb": [
      "Deployments",
    ],
    "links": [
      {
        "active": false,
        "href": "/",
        "text": "Dashboard",
      },
      {
        "active": true,
        "href": "/deployments",
        "text": "Deployments",
      },
      {
        "active": false,
        "href": "/apps",
        "text": "Apps",
      },
      {
        "active": false,
        "href": "/courses",
        "text": "Kurse",
      },
      {
        "active": false,
        "href": "/help",
        "text": "Hilfe",
      },
    ],
  },
  "/deployments/dep-1": {
    "breadcrumb": [
      "Deployments",
      "/…",
    ],
    "links": [
      {
        "active": false,
        "href": "/",
        "text": "Dashboard",
      },
      {
        "active": true,
        "href": "/deployments",
        "text": "Deployments",
      },
      {
        "active": false,
        "href": "/apps",
        "text": "Apps",
      },
      {
        "active": false,
        "href": "/courses",
        "text": "Kurse",
      },
      {
        "active": false,
        "href": "/help",
        "text": "Hilfe",
      },
    ],
  },
  "/does-not-exist": {
    "breadcrumb": [
      "Seite nicht gefunden",
    ],
    "links": [
      {
        "active": false,
        "href": "/",
        "text": "Dashboard",
      },
      {
        "active": false,
        "href": "/deployments",
        "text": "Deployments",
      },
      {
        "active": false,
        "href": "/apps",
        "text": "Apps",
      },
      {
        "active": false,
        "href": "/courses",
        "text": "Kurse",
      },
      {
        "active": false,
        "href": "/help",
        "text": "Hilfe",
      },
    ],
  },
  "/forbidden": {
    "breadcrumb": [
      "Zugriff verweigert",
    ],
    "links": [
      {
        "active": false,
        "href": "/",
        "text": "Dashboard",
      },
      {
        "active": false,
        "href": "/deployments",
        "text": "Deployments",
      },
      {
        "active": false,
        "href": "/apps",
        "text": "Apps",
      },
      {
        "active": false,
        "href": "/courses",
        "text": "Kurse",
      },
      {
        "active": false,
        "href": "/help",
        "text": "Hilfe",
      },
    ],
  },
  "/help": {
    "breadcrumb": [
      "Hilfe",
    ],
    "links": [
      {
        "active": false,
        "href": "/",
        "text": "Dashboard",
      },
      {
        "active": false,
        "href": "/deployments",
        "text": "Deployments",
      },
      {
        "active": false,
        "href": "/apps",
        "text": "Apps",
      },
      {
        "active": false,
        "href": "/courses",
        "text": "Kurse",
      },
      {
        "active": true,
        "href": "/help",
        "text": "Hilfe",
      },
    ],
  },
  "/user": {
    "breadcrumb": [
      "Profil",
    ],
    "links": [
      {
        "active": false,
        "href": "/",
        "text": "Dashboard",
      },
      {
        "active": false,
        "href": "/deployments",
        "text": "Deployments",
      },
      {
        "active": false,
        "href": "/apps",
        "text": "Apps",
      },
      {
        "active": false,
        "href": "/courses",
        "text": "Kurse",
      },
      {
        "active": false,
        "href": "/help",
        "text": "Hilfe",
      },
    ],
  },
}
`;
