// Vitest Snapshot v1, https://vitest.dev/guide/snapshot.html

exports[`HelpView (de) > matches snapshot 1`] = `
"<div class="grid max-w-detail grid-cols-1 items-start gap-16 lg:grid-cols-[minmax(0,var(--reading-max))_var(--toc-w)]">
  <article class="min-w-0">
    <div class="mb-section flex flex-wrap justify-between gap-4 items-end">
      <div class="min-w-0">
        <h1 class="font-semibold text-heading text-4xl tracking-[-0.01em]">Hilfe &amp; Q/A</h1>
        <p class="mt-1.5 text-base text-fg-muted">Support &amp; häufige Fragen.</p>
      </div>
      <!--v-if-->
    </div>
    <div class="help-article flex flex-col gap-4">
      <p>Diese Seite erklärt die wichtigsten Schritte für Nutzer, die bereits eingeloggt sind. Du erhältst hier konkrete Hinweise für Deployments, Quotas und die nächsten praktischen Schritte.</p>
      <h2 id="help-problems">Wenn etwas nicht funktioniert</h2>
      <p>Diese Checkliste hilft dir, die häufigsten Blocker schnell zu finden und zu verstehen, was du als nächstes prüfen solltest.</p>
      <ul class="list-disc pl-5">
        <li>Prüfe, ob du dein Quota-Limit erreicht hast.</li>
        <li>Sieh dir die Deployment-Details und Logs an, um den Fehler einzugrenzen.</li>
      </ul>
      <h2 id="help-steps">Schritt-für-Schritt-Anleitung</h2>
      <h3>Deployment-Prozess</h3>
      <ol class="list-decimal pl-[22px]">
        <li>Öffne die Deployments-Übersicht und starte ein neues Deployment.</li>
        <li>Wähle die gewünschte App und App-Version aus.</li>
        <li>Ordne das Deployment einem Kurs oder Team zu und passe die Einstellungen an.</li>
        <li>Kontrolliere deine aktuellen Quotas, bevor du das Deployment ausführst.</li>
        <li>Starte das Deployment und überwache den Status sowie die Logs in der Detailansicht.</li>
      </ol>
      <h2 id="help-areas">Die Bereiche der App</h2>
      <dl class="flex flex-col gap-0.5">
        <dt class="font-semibold text-heading">Dashboard</dt>
        <dd class="mb-3">Schneller Überblick über Deployments, Systemstatus und verfügbare Ressourcen.</dd>
        <dt class="font-semibold text-heading">Apps</dt>
        <dd class="mb-3">Apps prüfen, Versionen auswählen und neue Anwendungen bereitstellen.</dd>
        <dt class="font-semibold text-heading">Kurse</dt>
        <dd class="mb-3">Deployments mit Kursen verknüpfen und Teilnehmergruppen organisieren.</dd>
        <dt class="font-semibold text-heading">Deployments</dt>
        <dd class="mb-3">Neue Deployments anlegen, den Status prüfen und Fehler analysieren.</dd>
      </dl>
      <h2 id="help-links">Nützliche Projektlinks</h2>
      <p>Direkter Zugriff auf die relevanten GitHub-Repositories.</p>
      <ul class="list-disc pl-5">
        <li><a href="https://github.com/six7-click-n-deploy/frontend" target="_blank" rel="noopener noreferrer" class="link">GitHub: Frontend-Repository</a></li>
        <li><a href="https://github.com/six7-click-n-deploy/backend" target="_blank" rel="noopener noreferrer" class="link">GitHub: Backend-Repository</a></li>
        <li><a href="https://github.com/six7-click-n-deploy/deployment" target="_blank" rel="noopener noreferrer" class="link">GitHub: Deployment-Repository</a></li>
        <li><a href="https://github.com/six7-click-n-deploy/worker" target="_blank" rel="noopener noreferrer" class="link">GitHub: Worker-Repository</a></li>
      </ul>
      <h2 id="help-docs">Dokumentation</h2>
      <p>Direkter Zugriff auf die relevanten Projekt-Dokumentationen.</p>
      <ul class="list-disc pl-5">
        <li><a href="https://github.com/six7-click-n-deploy/deployment/blob/main/README.md" target="_blank" rel="noopener noreferrer" class="link">Dokumentation bzgl. Installations und Administration</a></li>
        <li><a href="https://github.com/six7-click-n-deploy/.github/blob/main/docs/technologiestack.md" target="_blank" rel="noopener noreferrer" class="link">Dokumentation bzgl. Technologiestack und Architektur</a></li>
        <li><a href="https://github.com/six7-click-n-deploy/template-app/blob/main/README.md" target="_blank" rel="noopener noreferrer" class="link">Dokumentation für App Entwickler: Entwicklung eines neuen App Templates</a></li>
      </ul>
    </div>
  </article>
  <nav aria-label="Auf dieser Seite" class="hidden pt-2 lg:sticky lg:top-0 lg:block">
    <p class="mb-2 text-xs font-semibold text-fg-subtle">Auf dieser Seite</p>
    <ul class="flex flex-col border-l border-subtle">
      <li><a href="#help-problems" class="block py-1 pl-3 text-sm text-fg-muted transition-colors hover:text-heading">Wenn etwas nicht funktioniert</a></li>
      <li><a href="#help-steps" class="block py-1 pl-3 text-sm text-fg-muted transition-colors hover:text-heading">Schritt-für-Schritt-Anleitung</a></li>
      <li><a href="#help-areas" class="block py-1 pl-3 text-sm text-fg-muted transition-colors hover:text-heading">Die Bereiche der App</a></li>
      <li><a href="#help-links" class="block py-1 pl-3 text-sm text-fg-muted transition-colors hover:text-heading">Nützliche Projektlinks</a></li>
      <li><a href="#help-docs" class="block py-1 pl-3 text-sm text-fg-muted transition-colors hover:text-heading">Dokumentation</a></li>
    </ul>
  </nav>
</div>"
`;

exports[`HelpView (en) > matches snapshot 1`] = `
"<div class="grid max-w-detail grid-cols-1 items-start gap-16 lg:grid-cols-[minmax(0,var(--reading-max))_var(--toc-w)]">
  <article class="min-w-0">
    <div class="mb-section flex flex-wrap justify-between gap-4 items-end">
      <div class="min-w-0">
        <h1 class="font-semibold text-heading text-4xl tracking-[-0.01em]">Help &amp; Q/A</h1>
        <p class="mt-1.5 text-base text-fg-muted">Support &amp; frequently asked questions.</p>
      </div>
      <!--v-if-->
    </div>
    <div class="help-article flex flex-col gap-4">
      <p>This page explains the most important steps for users who are already signed in. You get concrete guidance for deployments, quotas and next practical steps.</p>
      <h2 id="help-problems">If something does not work</h2>
      <p>This checklist helps you find the most common blockers quickly and understand what to check next.</p>
      <ul class="list-disc pl-5">
        <li>Check whether you have reached your quota limit.</li>
        <li>Look at deployment details and logs to narrow down the issue.</li>
      </ul>
      <h2 id="help-steps">Step-by-step guide</h2>
      <h3>Deployment process</h3>
      <ol class="list-decimal pl-[22px]">
        <li>Open the deployments overview and start a new deployment.</li>
        <li>Choose the desired app and app version.</li>
        <li>Assign the deployment to a course or team and adjust the settings.</li>
        <li>Review your current quotas before launching the deployment.</li>
        <li>Start the deployment and monitor status and logs in the detail view.</li>
      </ol>
      <h2 id="help-areas">Areas of the app</h2>
      <dl class="flex flex-col gap-0.5">
        <dt class="font-semibold text-heading">Dashboard</dt>
        <dd class="mb-3">Quickly see active deployments, system health, and available resources.</dd>
        <dt class="font-semibold text-heading">Apps</dt>
        <dd class="mb-3">Verify the app you need or add new applications and versions.</dd>
        <dt class="font-semibold text-heading">Courses</dt>
        <dd class="mb-3">Link deployments to courses and organize participant groups.</dd>
        <dt class="font-semibold text-heading">Deployments</dt>
        <dd class="mb-3">Create deployments, check status, and investigate errors.</dd>
      </dl>
      <h2 id="help-links">Useful project links</h2>
      <p>Quick access to the relevant GitHub repositories.</p>
      <ul class="list-disc pl-5">
        <li><a href="https://github.com/six7-click-n-deploy/frontend" target="_blank" rel="noopener noreferrer" class="link">GitHub: frontend repository</a></li>
        <li><a href="https://github.com/six7-click-n-deploy/backend" target="_blank" rel="noopener noreferrer" class="link">GitHub: backend repository</a></li>
        <li><a href="https://github.com/six7-click-n-deploy/deployment" target="_blank" rel="noopener noreferrer" class="link">GitHub: deployment repository</a></li>
        <li><a href="https://github.com/six7-click-n-deploy/worker" target="_blank" rel="noopener noreferrer" class="link">GitHub: worker repository</a></li>
      </ul>
      <h2 id="help-docs">Documentation</h2>
      <p>Direct access to the relevant project documentation.</p>
      <ul class="list-disc pl-5">
        <li><a href="https://github.com/six7-click-n-deploy/deployment/blob/main/README.md" target="_blank" rel="noopener noreferrer" class="link">Documentation regarding Installation and Administration</a></li>
        <li><a href="https://github.com/six7-click-n-deploy/.github/blob/main/docs/technologiestack.md" target="_blank" rel="noopener noreferrer" class="link">Documentation regarding Technology Stack and Architecture</a></li>
        <li><a href="https://github.com/six7-click-n-deploy/template-app/blob/main/README.md" target="_blank" rel="noopener noreferrer" class="link">Documentation for App Developers: Creating a new App Template</a></li>
      </ul>
    </div>
  </article>
  <nav aria-label="On this page" class="hidden pt-2 lg:sticky lg:top-0 lg:block">
    <p class="mb-2 text-xs font-semibold text-fg-subtle">On this page</p>
    <ul class="flex flex-col border-l border-subtle">
      <li><a href="#help-problems" class="block py-1 pl-3 text-sm text-fg-muted transition-colors hover:text-heading">If something does not work</a></li>
      <li><a href="#help-steps" class="block py-1 pl-3 text-sm text-fg-muted transition-colors hover:text-heading">Step-by-step guide</a></li>
      <li><a href="#help-areas" class="block py-1 pl-3 text-sm text-fg-muted transition-colors hover:text-heading">Areas of the app</a></li>
      <li><a href="#help-links" class="block py-1 pl-3 text-sm text-fg-muted transition-colors hover:text-heading">Useful project links</a></li>
      <li><a href="#help-docs" class="block py-1 pl-3 text-sm text-fg-muted transition-colors hover:text-heading">Documentation</a></li>
    </ul>
  </nav>
</div>"
`;
